// Jest Snapshot v1, https://goo.gl/fbAQLP

exports[`Button renders correctly 1`] = `
.c0 {
  min-width: 64px;
  color: #fff;
  background-color: #eb34a1;
  font-size: 0.875rem;
  font-family: "Roboto","Helvetica","Arial",sans-serif;
  font-weight: 500;
  line-height: 1.75;
  -webkit-letter-spacing: 0.02857em;
  -moz-letter-spacing: 0.02857em;
  -ms-letter-spacing: 0.02857em;
  letter-spacing: 0.02857em;
  margin: 1em;
  padding: 6px 16px;
  box-sizing: border-box;
  border: none;
  border-radius: 4px;
  text-transform: uppercase;
}

<button
  className="c0"
>
  Test
</button>
`;
